  Determining projects to restore...
  Alle Projekte sind f├╝r die Wiederherstellung auf dem neuesten Stand.
C:\Users\Acer\Documents\Schule\5. Schuljahr\SWP\Testprogramme\Ungame\client\Program.cs(59,17): error CS0103: Der Name "IsWindowVisible" ist im aktuellen Kontext nicht vorhanden. [C:\Users\Acer\Documents\Schule\5. Schuljahr\SWP\Testprogramme\Ungame\client\client.csproj]
